// Jest Snapshot v1, https://goo.gl/fbAQLP

exports[`<Box /> 1`] = `
<div
  class="css-nk32ej"
>
  from box
</div>
`;
